(* Geneated by functoria_test *)

let (>>=) x f = f x
let return x = x
let run x = x

module App_make__5 = App.Make(Key_gen)(Unit)(Info_gen)

let sys__1 = lazy (
  return Sys.argv
  )

let key_gen__2 = lazy (
  let __sys__1 = Lazy.force sys__1 in
  __sys__1 >>= fun _sys__1 ->
  return (Functoria_runtime.with_argv (List.map fst Key_gen.runtime_keys) "foo" _sys__1)
  )

let unit__3 = lazy (
  return ()
  )

let info_gen__4 = lazy (
  return Info_gen.info
  )

let app_make__5 = lazy (
  let __key_gen__2 = Lazy.force key_gen__2 in
  let __unit__3 = Lazy.force unit__3 in
  let __info_gen__4 = Lazy.force info_gen__4 in
  __key_gen__2 >>= fun _key_gen__2 ->
  __unit__3 >>= fun _unit__3 ->
  __info_gen__4 >>= fun _info_gen__4 ->
  App_make__5.start _key_gen__2 _unit__3 _info_gen__4
  )

let () =
  let t =
  Lazy.force key_gen__2 >>= fun _ ->
    Lazy.force unit__3 >>= fun _ ->
    Lazy.force app_make__5
  in run t
