unix
====


hvt
===

Write to manifest.json (mode: default, purpose: Solo5 application manifest file)
Write to manifest.ml (0 bytes)

