let libraries = [
  ]

let info = Mirage_runtime.{
  name = "foo";
  libraries
}