let target () = `Unix

let runtime_keys = List.combine [] []
